// Jest Snapshot v1, https://goo.gl/fbAQLP

exports[`ClassComponent Component renders ClassComponent by default 1`] = `
<ContextConsumer>
  <Component />
</ContextConsumer>
`;
